exports[`Card Test should match snap shot of the card 1`] = `
ShallowWrapper {
  "length": 1,
  Symbol(enzyme.__root__): [Circular],
  Symbol(enzyme.__unrendered__): <Card
    changeClass={[Function]}
    data={
        Object {
            "2004": 1,
            "2005": 0.5,
          }
    }
    location="COLORADO"
    type="card" />,
  Symbol(enzyme.__renderer__): Object {
    "batchedUpdates": [Function],
    "getNode": [Function],
    "render": [Function],
    "simulateEvent": [Function],
    "unmount": [Function],
  },
  Symbol(enzyme.__node__): Object {
    "instance": null,
    "key": undefined,
    "nodeType": "host",
    "props": Object {
      "children": Array [
        <h3>
          COLORADO
</h3>,
        <table>
          <tbody>
                    <tr
                              className="high">
                              <td>
                                        2004
                                        : 
                              </td>
                              <td>
                                        1
                              </td>
                    </tr>
                    <tr
                              className="high">
                              <td>
                                        2005
                                        : 
                              </td>
                              <td>
                                        0.5
                              </td>
                    </tr>
          </tbody>
</table>,
      ],
      "className": "card  COLORADO",
      "onClick": [Function],
    },
    "ref": null,
    "rendered": Array [
      Object {
        "instance": null,
        "key": undefined,
        "nodeType": "host",
        "props": Object {
          "children": "COLORADO",
        },
        "ref": null,
        "rendered": "COLORADO",
        "type": "h3",
      },
      Object {
        "instance": null,
        "key": undefined,
        "nodeType": "host",
        "props": Object {
          "children": <tbody>
            <tr
                        className="high">
                        <td>
                                    2004
                                    : 
                        </td>
                        <td>
                                    1
                        </td>
            </tr>
            <tr
                        className="high">
                        <td>
                                    2005
                                    : 
                        </td>
                        <td>
                                    0.5
                        </td>
            </tr>
</tbody>,
        },
        "ref": null,
        "rendered": Object {
          "instance": null,
          "key": undefined,
          "nodeType": "host",
          "props": Object {
            "children": Array [
              <tr
                className="high">
                <td>
                                2004
                                : 
                </td>
                <td>
                                1
                </td>
</tr>,
              <tr
                className="high">
                <td>
                                2005
                                : 
                </td>
                <td>
                                0.5
                </td>
</tr>,
            ],
          },
          "ref": null,
          "rendered": Array [
            Object {
              "instance": null,
              "key": "0",
              "nodeType": "host",
              "props": Object {
                "children": Array [
                  <td>
                    2004
                    : 
</td>,
                  <td>
                    1
</td>,
                ],
                "className": "high",
              },
              "ref": null,
              "rendered": Array [
                Object {
                  "instance": null,
                  "key": undefined,
                  "nodeType": "host",
                  "props": Object {
                    "children": Array [
                      "2004",
                      ": ",
                    ],
                  },
                  "ref": null,
                  "rendered": Array [
                    "2004",
                    ": ",
                  ],
                  "type": "td",
                },
                Object {
                  "instance": null,
                  "key": undefined,
                  "nodeType": "host",
                  "props": Object {
                    "children": 1,
                  },
                  "ref": null,
                  "rendered": 1,
                  "type": "td",
                },
              ],
              "type": "tr",
            },
            Object {
              "instance": null,
              "key": "1",
              "nodeType": "host",
              "props": Object {
                "children": Array [
                  <td>
                    2005
                    : 
</td>,
                  <td>
                    0.5
</td>,
                ],
                "className": "high",
              },
              "ref": null,
              "rendered": Array [
                Object {
                  "instance": null,
                  "key": undefined,
                  "nodeType": "host",
                  "props": Object {
                    "children": Array [
                      "2005",
                      ": ",
                    ],
                  },
                  "ref": null,
                  "rendered": Array [
                    "2005",
                    ": ",
                  ],
                  "type": "td",
                },
                Object {
                  "instance": null,
                  "key": undefined,
                  "nodeType": "host",
                  "props": Object {
                    "children": 0.5,
                  },
                  "ref": null,
                  "rendered": 0.5,
                  "type": "td",
                },
              ],
              "type": "tr",
            },
          ],
          "type": "tbody",
        },
        "type": "table",
      },
    ],
    "type": "div",
  },
  Symbol(enzyme.__nodes__): Array [
    Object {
      "instance": null,
      "key": undefined,
      "nodeType": "host",
      "props": Object {
        "children": Array [
          <h3>
            COLORADO
</h3>,
          <table>
            <tbody>
                        <tr
                                    className="high">
                                    <td>
                                                2004
                                                : 
                                    </td>
                                    <td>
                                                1
                                    </td>
                        </tr>
                        <tr
                                    className="high">
                                    <td>
                                                2005
                                                : 
                                    </td>
                                    <td>
                                                0.5
                                    </td>
                        </tr>
            </tbody>
</table>,
        ],
        "className": "card  COLORADO",
        "onClick": [Function],
      },
      "ref": null,
      "rendered": Array [
        Object {
          "instance": null,
          "key": undefined,
          "nodeType": "host",
          "props": Object {
            "children": "COLORADO",
          },
          "ref": null,
          "rendered": "COLORADO",
          "type": "h3",
        },
        Object {
          "instance": null,
          "key": undefined,
          "nodeType": "host",
          "props": Object {
            "children": <tbody>
              <tr
                            className="high">
                            <td>
                                          2004
                                          : 
                            </td>
                            <td>
                                          1
                            </td>
              </tr>
              <tr
                            className="high">
                            <td>
                                          2005
                                          : 
                            </td>
                            <td>
                                          0.5
                            </td>
              </tr>
</tbody>,
          },
          "ref": null,
          "rendered": Object {
            "instance": null,
            "key": undefined,
            "nodeType": "host",
            "props": Object {
              "children": Array [
                <tr
                  className="high">
                  <td>
                                    2004
                                    : 
                  </td>
                  <td>
                                    1
                  </td>
</tr>,
                <tr
                  className="high">
                  <td>
                                    2005
                                    : 
                  </td>
                  <td>
                                    0.5
                  </td>
</tr>,
              ],
            },
            "ref": null,
            "rendered": Array [
              Object {
                "instance": null,
                "key": "0",
                "nodeType": "host",
                "props": Object {
                  "children": Array [
                    <td>
                      2004
                      : 
</td>,
                    <td>
                      1
</td>,
                  ],
                  "className": "high",
                },
                "ref": null,
                "rendered": Array [
                  Object {
                    "instance": null,
                    "key": undefined,
                    "nodeType": "host",
                    "props": Object {
                      "children": Array [
                        "2004",
                        ": ",
                      ],
                    },
                    "ref": null,
                    "rendered": Array [
                      "2004",
                      ": ",
                    ],
                    "type": "td",
                  },
                  Object {
                    "instance": null,
                    "key": undefined,
                    "nodeType": "host",
                    "props": Object {
                      "children": 1,
                    },
                    "ref": null,
                    "rendered": 1,
                    "type": "td",
                  },
                ],
                "type": "tr",
              },
              Object {
                "instance": null,
                "key": "1",
                "nodeType": "host",
                "props": Object {
                  "children": Array [
                    <td>
                      2005
                      : 
</td>,
                    <td>
                      0.5
</td>,
                  ],
                  "className": "high",
                },
                "ref": null,
                "rendered": Array [
                  Object {
                    "instance": null,
                    "key": undefined,
                    "nodeType": "host",
                    "props": Object {
                      "children": Array [
                        "2005",
                        ": ",
                      ],
                    },
                    "ref": null,
                    "rendered": Array [
                      "2005",
                      ": ",
                    ],
                    "type": "td",
                  },
                  Object {
                    "instance": null,
                    "key": undefined,
                    "nodeType": "host",
                    "props": Object {
                      "children": 0.5,
                    },
                    "ref": null,
                    "rendered": 0.5,
                    "type": "td",
                  },
                ],
                "type": "tr",
              },
            ],
            "type": "tbody",
          },
          "type": "table",
        },
      ],
      "type": "div",
    },
  ],
  Symbol(enzyme.__options__): Object {
    "adapter": ReactFifteenAdapter {
      "options": Object {
        "supportPrevContextArgumentOfComponentDidUpdate": true,
      },
    },
  },
}
`;
